// Jest Snapshot v1, https://goo.gl/fbAQLP

exports[`MediumButtonComponent matches snapshot 1`] = `
<DocumentFragment>
  <button
    class="MuiButtonBase-root MuiButton-root MuiButton-outlined MuiButton-outlinedSecondary MuiButton-sizeMedium MuiButton-outlinedSizeMedium MuiButton-colorSecondary MuiButton-root MuiButton-outlined MuiButton-outlinedSecondary MuiButton-sizeMedium MuiButton-outlinedSizeMedium MuiButton-colorSecondary css-1ioaic5-MuiButtonBase-root-MuiButton-root"
    tabindex="0"
    type="button"
  >
    Test Button
  </button>
</DocumentFragment>
`;
