// Jest Snapshot v1, https://goo.gl/fbAQLP

exports[`SmallButtonComponent matches snapshot 1`] = `
<DocumentFragment>
  <button
    class="MuiButtonBase-root MuiButton-root MuiButton-contained MuiButton-containedPrimary MuiButton-sizeSmall MuiButton-containedSizeSmall MuiButton-colorPrimary MuiButton-root MuiButton-contained MuiButton-containedPrimary MuiButton-sizeSmall MuiButton-containedSizeSmall MuiButton-colorPrimary css-tw6tsg-MuiButtonBase-root-MuiButton-root"
    id=":r4:"
    tabindex="0"
    type="button"
  >
    Test Button
  </button>
</DocumentFragment>
`;
