// Jest Snapshot v1, https://goo.gl/fbAQLP

exports[`ModalWithError should render with error message 1`] = `<div />`;
