// Jest Snapshot v1, https://goo.gl/fbAQLP

exports[`MainPhoto renders correctly 1`] = `
<div>
  <div
    class="MuiGrid2-root MuiGrid2-direction-xs-row main-photo css-1fzlhpv-MuiGrid2-root"
  >
    <div
      class="MuiPaper-root MuiPaper-elevation MuiPaper-rounded MuiPaper-elevation1 main-photo__container paper-block css-1gtchvp-MuiPaper-root"
      style="--Paper-shadow: 0px 2px 1px -1px rgba(0,0,0,0.2),0px 1px 1px 0px rgba(0,0,0,0.14),0px 1px 3px 0px rgba(0,0,0,0.12);"
    >
      <div
        class="photo"
      >
        <img
          alt="user-avatar"
          class="photo__image"
          data-testid="image"
          loading="eager"
          src="test-avatar.jpg"
        />
      </div>
      <div
        class="main-photo__container__edit-button"
      >
        <label
          class="input-label"
          for="change-avatar-profile-module.change"
        >
          <input
            accept="image/*"
            data-testid="input-image"
            hidden=""
            id="change-avatar-profile-module.change"
            type="file"
          />
          <button
            class="MuiButtonBase-root MuiButton-root MuiButton-outlined MuiButton-outlinedPrimary MuiButton-sizeSmall MuiButton-outlinedSizeSmall MuiButton-colorPrimary MuiButton-root MuiButton-outlined MuiButton-outlinedPrimary MuiButton-sizeSmall MuiButton-outlinedSizeSmall MuiButton-colorPrimary input-label__button css-wyro15-MuiButtonBase-root-MuiButton-root"
            id=":r0:"
            tabindex="0"
            type="button"
          >
            <span
              class="MuiButton-loadingWrapper"
              style="display: contents;"
            />
            <p
              class="MuiTypography-root MuiTypography-caption input-label__button__text css-mpaqru-MuiTypography-root"
            >
              profile-module.change
            </p>
          </button>
        </label>
      </div>
    </div>
  </div>
</div>
`;
