// Jest Snapshot v1, https://goo.gl/fbAQLP

exports[`ArrowLeftIcon matches snapshot 1`] = `
<DocumentFragment>
  <svg
    data-testid="close-icon"
    height="24px"
    viewBox="0 0 24 24"
    width="24px"
    xmlns="http://www.w3.org/2000/svg"
  >
    <path
      d="M18 6L6 18M6 6l12 12"
      stroke="currentColor"
      stroke-linecap="round"
      stroke-linejoin="round"
      stroke-width="2"
    />
  </svg>
</DocumentFragment>
`;
