// Jest Snapshot v1, https://goo.gl/fbAQLP

exports[`AvatarComponent matches snapshot 1`] = `
<DocumentFragment>
  <span
    class="MuiBadge-root avatar-badge css-63ezxx-MuiBadge-root"
  >
    <div
      class="MuiAvatar-root MuiAvatar-circular avatar custom-class css-fmeqll-MuiAvatar-root"
      id="test-avatar"
    >
      <img
        alt="Test Avatar"
        class="MuiAvatar-img css-1su80sj-MuiAvatar-img"
        src="https://example.com/avatar.jpg"
      />
    </div>
    <span
      class="MuiBadge-badge MuiBadge-dot MuiBadge-anchorOriginBottomRight MuiBadge-anchorOriginBottomRightCircular MuiBadge-overlapCircular css-aa1yeu-MuiBadge-badge"
    />
  </span>
</DocumentFragment>
`;
