// Jest Snapshot v1, https://goo.gl/fbAQLP

exports[`MenuComponent matches snapshot 1`] = `<DocumentFragment />`;
