// Jest Snapshot v1, https://goo.gl/fbAQLP

exports[`PopoverMenu matches snapshot 1`] = `<DocumentFragment />`;
