// Jest Snapshot v1, https://goo.gl/fbAQLP

exports[`ContentLayoutComponent matches snapshot 1`] = `
<DocumentFragment>
  <div
    class="main-content"
  >
    <div>
      Test content
    </div>
  </div>
</DocumentFragment>
`;
