// Jest Snapshot v1, https://goo.gl/fbAQLP

exports[`Main matches snapshot 1`] = `
<DocumentFragment>
  <div
    data-testid="app"
  >
    App Component
  </div>
</DocumentFragment>
`;
