// Jest Snapshot v1, https://goo.gl/fbAQLP

exports[`AlertComponent matches snapshot 1`] = `<DocumentFragment />`;
