// Jest Snapshot v1, https://goo.gl/fbAQLP

exports[`GridComponent matches snapshot 1`] = `
<DocumentFragment>
  <div
    class="MuiGrid2-root MuiGrid2-direction-xs-row grid-item-style css-1fzlhpv-MuiGrid2-root"
  />
</DocumentFragment>
`;
