// Jest Snapshot v1, https://goo.gl/fbAQLP

exports[`SmallButton matches snapshot 1`] = `
<DocumentFragment>
  <button
    class="MuiButtonBase-root MuiButton-root MuiButton-text MuiButton-textPrimary MuiButton-sizeSmall MuiButton-textSizeSmall MuiButton-colorPrimary MuiButton-root MuiButton-text MuiButton-textPrimary MuiButton-sizeSmall MuiButton-textSizeSmall MuiButton-colorPrimary css-1ccsd5i-MuiButtonBase-root-MuiButton-root"
    id=":r1:"
    tabindex="0"
    type="button"
  >
    Test
  </button>
</DocumentFragment>
`;
