// Jest Snapshot v1, https://goo.gl/fbAQLP

exports[`Typography matches snapshot 1`] = `
<DocumentFragment>
  <p
    class="MuiTypography-root MuiTypography-body1 css-rizt0-MuiTypography-root"
  >
    Test
  </p>
</DocumentFragment>
`;
